// Jest Snapshot v1, https://goo.gl/fbAQLP

exports[`ConfigTestCases builtins css-auto exported tests css/auto can handle css module correctly 1`] = `
Object {
  "style": "-_921b05f8c9c16ca9ea84-style",
}
`;

exports[`ConfigTestCases builtins css-modules-composes exported tests css modules composes 1`] = `
Object {
  "simple-bar": "-_273d87445e861b3031dc-simple-bar -_9d368fc847854456bea3-imported-simple",
  "simple-foo": "-_273d87445e861b3031dc-simple-foo -_9d368fc847854456bea3-imported-simple",
}
`;

exports[`ConfigTestCases builtins css-modules-composes-preprocessers exported tests css modules with css preprocessers 1`] = `
Object {
  "class": "-_273d87445e861b3031dc-class -_11a6d6ffb863bd538fe5-lessClass",
  "ghi": "-_273d87445e861b3031dc-ghi",
  "other": "-_273d87445e861b3031dc-other -_1f71e04288dddc43d27d-scssClass",
  "otherClassName": "-_273d87445e861b3031dc-otherClassName globalClassName",
}
`;

exports[`ConfigTestCases builtins css-modules-composes-sass exported tests css modules in scss 1`] = `
Object {
  "bar": "-_735885c5e37059075f0c-bar -_3dd446eb32b4cceede74-foo",
}
`;

exports[`ConfigTestCases builtins css-modules-dedupe exported tests css modules dedupe 1`] = `
Object {
  "backButton": "-d4f5f65e6ec5e3abc2cc-backButton -_0f182db74b24b91ce53c-secondaryButton -ed3ce9538ce4b9c8f8ab-button",
  "nextButton": "-d4f5f65e6ec5e3abc2cc-nextButton -_73af08fa9da07d8b8412-primaryButton -ed3ce9538ce4b9c8f8ab-button",
}
`;

exports[`ConfigTestCases builtins css-modules-exports-only exported tests css modules exportsOnly 1`] = `
Object {
  "simple-bar": "-_273d87445e861b3031dc-simple-bar -_9d368fc847854456bea3-imported-simple",
  "simple-foo": "-_273d87445e861b3031dc-simple-foo -_9d368fc847854456bea3-imported-simple",
}
`;

exports[`ConfigTestCases builtins css-modules-local-ident-name-hash exported tests css modules localIdentName with hash 1`] = `
Object {
  "#": "_8ebd6d7db31b792949f5",
  "##": "c70874575e73159e22c1",
  "#.#.#": "_6157e6c77171d79e9718",
  "#fake-id": "df3aaec040afb01f690c",
  "++++++++++[>+++++++>++++++++++>+++>+<<<<-]>++.>+.+++++++..+++.>++.<<+++++++++++++++.>.+++.------.--------.>+.>.": "_073da91609b5dd80360e",
  "-a-b-c-": "_4fda86c80892f2d1f181",
  "-a0-34a___f": "b95966ff52d1f2824658",
  ".": "e0fd41b73ceed4fc3f87",
  "123": "ca0e114009d4b01c71ac",
  "1a2b3c": "_4c2940ec41570bcc8968",
  ":)": "_6bdad88049c2dbf701f1",
  ":\`(": "_536e43c29fe4f841fa32",
  ":hover": "_6852606d97e8b945b5a0",
  ":hover:focus:active": "aaf40b90cf62d56f35b2",
  "<><<<>><>": "_12eca34516b60485d6ec",
  "<p>": "c475bdd44f2bbd196a2e",
  "?": "_88ad2311170df758669d",
  "@": "_517280d166332b3d6e0e",
  "B&W?": "_0150297f6968c23a8e75",
  "[attr=value]": "b9464c995ed6dabd1d97",
  "_": "_26316216f84c3636dc39",
  "_test": "_41807023f6e3037c7319",
  "className": "_4100089e883b18a80bec",
  "f!o!o": "_9653a4b47e158a13a3ea",
  "f'o'o": "_7b670c9668a6d974eefd",
  "f*o*o": "_703de63e5996ce46f34c",
  "f+o+o": "_50db48029b94ebbf3c58",
  "f/o/o": "e7b5086d6ab6c2ccb7f7",
  "f\\\\o\\\\o": "fb23ef2cb51ac79a835f",
  "foo.bar": "_9da124ebba2a84c14bde",
  "foo/bar": "_95a8903cdd93f1e02029",
  "foo/bar/baz": "e25e1a01ceb0dc212023",
  "foo\\\\bar": "a47aec60417098406ba1",
  "foo\\\\bar\\\\baz": "_5a9b362a9f2b0bf4ef79",
  "f~o~o": "ec66a170e60224092af2",
  "m_x_@": "d6e372cd00aca0f2feb1",
  "someId": "fe6848fd4815bc90c863",
  "subClass": "e513cb318862573353af",
  "test": "f802dcceee7e59a6928b",
  "{}": "_76def9ac97b1fccb7ccc",
  "¬©": "_59d3cad3aaed951c6442",
  "‚Äú‚Äò‚Äô‚Äù": "c8ef7e4a7b11dc4be27c",
  "‚åò‚å•": "_3897d915ddff6cc3c5f5",
  "‚ò∫‚òÉ": "e8b7b86cc96e622243d4",
  "‚ô•": "_6a5404cbd6b721406e59",
  "ùÑû‚ô™‚ô©‚ô´‚ô¨": "cff15b375dfc275f06ac",
  "üí©": "_5066e869fb41fe49ef02",
  "üòç": "b9f2905bc4b6e38b3398",
}
`;

exports[`ConfigTestCases builtins css-modules-local-ident-name-path exported tests css modules localIdentName with path 1`] = `
Object {
  "#": "src_index__#",
  "##": "src_index__##",
  "#.#.#": "src_index__#_#_#",
  "#fake-id": "src_index__#fake-id",
  "++++++++++[>+++++++>++++++++++>+++>+<<<<-]>++.>+.+++++++..+++.>++.<<+++++++++++++++.>.+++.------.--------.>+.>.": "src_index__++++++++++[_+++++++_++++++++++_+++_+____-]_++__+_+++++++__+++__++___+++++++++++++++___+++_------_--------__+___",
  "-a-b-c-": "src_index__-a-b-c-",
  "-a0-34a___f": "src_index__-a0-34a___f",
  ".": "src_index___",
  "123": "src_index__123",
  "1a2b3c": "src_index__1a2b3c",
  ":)": "src_index___)",
  ":\`(": "src_index___\`(",
  ":hover": "src_index___hover",
  ":hover:focus:active": "src_index___hover_focus_active",
  "<><<<>><>": "src_index___________",
  "<p>": "src_index___p_",
  "?": "src_index___",
  "@": "src_index__@",
  "B&W?": "src_index__B&W_",
  "[attr=value]": "src_index__[attr=value]",
  "_": "src_index___",
  "_test": "src_index___test",
  "className": "src_index__className",
  "f!o!o": "src_index__f!o!o",
  "f'o'o": "src_index__f'o'o",
  "f*o*o": "src_index__f_o_o",
  "f+o+o": "src_index__f+o+o",
  "f/o/o": "src_index__f_o_o",
  "f\\\\o\\\\o": "src_index__f_o_o",
  "foo.bar": "src_index__foo_bar",
  "foo/bar": "src_index__foo_bar",
  "foo/bar/baz": "src_index__foo_bar_baz",
  "foo\\\\bar": "src_index__foo_bar",
  "foo\\\\bar\\\\baz": "src_index__foo_bar_baz",
  "f~o~o": "src_index__f~o~o",
  "m_x_@": "src_index__m_x_@",
  "someId": "src_index__someId",
  "subClass": "src_index__subClass",
  "test": "src_index__test",
  "{}": "src_index__{}",
  "¬©": "src_index__¬©",
  "‚Äú‚Äò‚Äô‚Äù": "src_index__‚Äú‚Äò‚Äô‚Äù",
  "‚åò‚å•": "src_index__‚åò‚å•",
  "‚ò∫‚òÉ": "src_index__‚ò∫‚òÉ",
  "‚ô•": "src_index__‚ô•",
  "ùÑû‚ô™‚ô©‚ô´‚ô¨": "src_index__ùÑû‚ô™‚ô©‚ô´‚ô¨",
  "üí©": "src_index__üí©",
  "üòç": "src_index__üòç",
}
`;

exports[`ConfigTestCases builtins css-modules-locals-convention-camelCase exported tests css modules localsConvention with camelCase 1`] = `
Object {
  "btn--info_is-disabled_1": "-_273d87445e861b3031dc-btn--info_is-disabled_1",
  "btn-info_is-disabled": "-_273d87445e861b3031dc-btn-info_is-disabled",
  "btnInfoIsDisabled": "-_273d87445e861b3031dc-btn-info_is-disabled",
  "btnInfoIsDisabled1": "-_273d87445e861b3031dc-btn--info_is-disabled_1",
  "fooBar": "-_273d87445e861b3031dc-foo_bar",
  "foo_bar": "-_273d87445e861b3031dc-foo_bar",
  "simple": "-_273d87445e861b3031dc-simple",
}
`;

exports[`ConfigTestCases builtins css-modules-locals-convention-camelCaseOnly exported tests css modules localsConvention with camelCaseOnly 1`] = `
Object {
  "btnInfoIsDisabled": "-_273d87445e861b3031dc-btn-info_is-disabled",
  "btnInfoIsDisabled1": "-_273d87445e861b3031dc-btn--info_is-disabled_1",
  "fooBar": "-_273d87445e861b3031dc-foo_bar",
  "simple": "-_273d87445e861b3031dc-simple",
}
`;

exports[`ConfigTestCases builtins css-modules-locals-convention-dashes exported tests css modules localsConvention with dashes 1`] = `
Object {
  "btn--info_is-disabled_1": "-_273d87445e861b3031dc-btn--info_is-disabled_1",
  "btn-info-is-disabled": "-_273d87445e861b3031dc-btn-info_is-disabled",
  "btn-info-is-disabled-1": "-_273d87445e861b3031dc-btn--info_is-disabled_1",
  "btn-info_is-disabled": "-_273d87445e861b3031dc-btn-info_is-disabled",
  "foo-bar": "-_273d87445e861b3031dc-foo_bar",
  "foo_bar": "-_273d87445e861b3031dc-foo_bar",
  "simple": "-_273d87445e861b3031dc-simple",
}
`;

exports[`ConfigTestCases builtins css-modules-pseudo exported tests css modules pseudo syntax 1`] = `
Object {
  "bar": "-_273d87445e861b3031dc-bar",
  "bav": "-_273d87445e861b3031dc-bav",
  "foo": "-_273d87445e861b3031dc-foo",
  "four": "-_273d87445e861b3031dc-four",
  "one": "-_273d87445e861b3031dc-one",
  "three": "-_273d87445e861b3031dc-three",
  "two": "-_273d87445e861b3031dc-two",
}
`;

exports[`ConfigTestCases builtins css-modules-simple exported tests css modules simple test 1`] = `
Object {
  "style": "-_921b05f8c9c16ca9ea84-style",
}
`;

exports[`ConfigTestCases chunk-index available-modules-order-index exported tests should compile 1`] = `
".m {
  color: red;
}
.n {
  color: blue;
}
"
`;

exports[`ConfigTestCases css at-import-in-the-top exported tests at-import-in-the-top 1`] = `
"@import url(\\"https://fonts.googleapis.com/css2?family=Roboto\\");
@import url(\\"https://fonts.googleapis.com/css2?family=Inter\\");
.c {
	color: pink;
}




.a {
	color: blue;
}



.b {
	color: red;
}

"
`;

exports[`ConfigTestCases css rewrite-url exported tests should rewrite the css url() 1`] = `"eb587e4780c414fe3a22.png"`;

exports[`ConfigTestCases css rewrite-url exported tests should rewrite the css url() 2`] = `"data:image/png;base64,iVBORw0KGgoAAAANSUhEUgAAAAwAAAAOCAYAAAAbvf3sAAAACXBIWXMAABYlAAAWJQFJUiTwAAAAAXNSR0IArs4c6QAAAARnQU1BAACxjwv8YQUAAAEWSURBVHgBjZFRSsNAEIb/3fQAOUK9gfpe6YIovjU3UE+gJ2g8gTcw3sC+itUFrW+BeAN7ATFSKAjbHWcSC+mSlszLDrvfzvzzj0LHmNpZBtBQd4Gf7fuYgHPPueoCe1DK1UsHd7Dzw+P0daQj/SC5h09OzdGktw221vZXUBlVMN0ILPd6O9yzBBXX8CBdv6kWOGa4YLivQJNjM0ia73oTLsBwJjCB5gu4i7CgbsIey5ThEcOfKziTGFOGHypJeZ7jZ/Gbst4x2/fN9h2eGTNvgk92VrDEWLNmfJXLpIYrRy5b4Fs+9v2/pL0oUncI7FuHLI6PK5lJZGoe8qXNvrry27DesoRLpLPmNkTw9yEcxPWJMR+S/AFbfpAZqxwUNQAAAABJRU5ErkJggg=="`;

exports[`ConfigTestCases css rewrite-url-css-variables exported tests should rewrite the css url() in css variables 1`] = `"eb587e4780c414fe3a22.png"`;

exports[`ConfigTestCases css rewrite-url-css-variables exported tests should rewrite the css url() in css variables 2`] = `"eb587e4780c414fe3a22.png"`;

exports[`ConfigTestCases css rewrite-url-with-css-filename exported tests should rewrite the css url() with publicPath and ~@ prefix 1`] = `"/image/logo.eb587e47.png"`;

exports[`ConfigTestCases css rewrite-url-with-css-filename exported tests should rewrite the css url() with publicPath when output.cssFilename is set 1`] = `"/image/logo.eb587e47.png"`;

exports[`ConfigTestCases css urls exported tests css urls should works 1`] = `
"/* @supports (background-image: url(\\"unknown.png\\")) {
	div {
		a195: url(\\"img.png\\");
	}
} */

div {
	a13: green url(data:image/png;base64,AAA) url(http://example.com/image.jpg) url(//example.com/image.png) xyz;
}

div {
	a14: url(\\"data:image/svg+xml;charset=utf-8,<svg xmlns='http://www.w3.org/2000/svg' viewBox='0 0 42 26' fill='%23007aff'><rect width='4' height='4'/><rect x='8' y='1' width='34' height='2'/><rect y='11' width='4' height='4'/><rect x='8' y='12' width='34' height='2'/><rect y='22' width='4' height='4'/><rect x='8' y='23' width='34' height='2'/></svg>\\");
}

div {
	a15: url(data:image/svg+xml;charset=utf-8,%3Csvg%20xmlns%3D%27http%3A%2F%2Fwww.w3.org%2F2000%2Fsvg%27%20viewBox%3D%270%200%2042%2026%27%20fill%3D%27%2523007aff%27%3E%3Crect%20width%3D%274%27%20height%3D%274%27%2F%3E%3Crect%20x%3D%278%27%20y%3D%271%27%20width%3D%2734%27%20height%3D%272%27%2F%3E%3Crect%20y%3D%2711%27%20width%3D%274%27%20height%3D%274%27%2F%3E%3Crect%20x%3D%278%27%20y%3D%2712%27%20width%3D%2734%27%20height%3D%272%27%2F%3E%3Crect%20y%3D%2722%27%20width%3D%274%27%20height%3D%274%27%2F%3E%3Crect%20x%3D%278%27%20y%3D%2723%27%20width%3D%2734%27%20height%3D%272%27%2F%3E%3C%2Fsvg%3E);
}

div {
	a16: url('data:image/svg+xml;charset=utf-8,<svg xmlns=\\"http://www.w3.org/2000/svg\\"><filter id=\\"filter\\"><feGaussianBlur in=\\"SourceAlpha\\" stdDeviation=\\"0\\" /><feOffset dx=\\"1\\" dy=\\"2\\" result=\\"offsetblur\\" /><feFlood flood-color=\\"rgba(255,255,255,1)\\" /><feComposite in2=\\"offsetblur\\" operator=\\"in\\" /><feMerge><feMergeNode /><feMergeNode in=\\"SourceGraphic\\" /></feMerge></filter></svg>#filter');
}

div {
	a17: url(\\"data:image/svg+xml;charset=utf-8,%3Csvg%20xmlns%3D%5C%22http%3A%2F%2Fwww.w3.org%2F2000%2Fsvg%5C%22%3E%3Cfilter%20id%3D%5C%22filter%5C%22%3E%3CfeGaussianBlur%20in%3D%5C%22SourceAlpha%5C%22%20stdDeviation%3D%5C%220%5C%22%20%2F%3E%3CfeOffset%20dx%3D%5C%221%5C%22%20dy%3D%5C%222%5C%22%20result%3D%5C%22offsetblur%5C%22%20%2F%3E%3CfeFlood%20flood-color%3D%5C%22rgba(255%2C255%2C255%2C1)%5C%22%20%2F%3E%3CfeComposite%20in2%3D%5C%22offsetblur%5C%22%20operator%3D%5C%22in%5C%22%20%2F%3E%3CfeMerge%3E%3CfeMergeNode%20%2F%3E%3CfeMergeNode%20in%3D%5C%22SourceGraphic%5C%22%20%2F%3E%3C%2FfeMerge%3E%3C%2Ffilter%3E%3C%2Fsvg%3E%23filter\\");
}

div {
	a18: url(#highlight);
}

div {
	a19: url(#line-marker);
}

div {
	a148: url('data:image/svg+xml,%3Csvg xmlns=\\"http://www.w3.org/2000/svg\\"%3E%3Crect width=\\"100%25\\" height=\\"100%25\\" style=\\"stroke: rgb(223,224,225); stroke-width: 2px; fill: none; stroke-dasharray: 6px 3px\\" /%3E%3C/svg%3E');
	a149: url('data:image/svg+xml,%3Csvg xmlns=\\"http://www.w3.org/2000/svg\\"%3E%3Crect width=\\"100%25\\" height=\\"100%25\\" style=\\"stroke: rgb(223,224,225); stroke-width: 2px; fill: none; stroke-dasharray: 6px 3px\\" /%3E%3C/svg%3E');
	a150: url('data:image/svg+xml,%3Csvg xmlns=\\"http://www.w3.org/2000/svg\\"%3E%3Crect width=\\"100%25\\" height=\\"100%25\\" style=\\"stroke: rgb(223,224,225); stroke-width: 2px; fill: none; stroke-dasharray: 6px 3px\\" /%3E%3C/svg%3E');
	a151: url('data:image/svg+xml;utf8,<svg xmlns=\\"http://www.w3.org/2000/svg\\"><rect width=\\"100%\\" height=\\"100%\\" style=\\"stroke: rgb(223,224,225); stroke-width: 2px; fill: none; stroke-dasharray: 6px 3px\\" /></svg>');
	a152: url('data:image/svg+xml;utf8,<svg xmlns=\\"http://www.w3.org/2000/svg\\"><rect width=\\"100%\\" height=\\"100%\\" style=\\"stroke: rgb(223,224,225); stroke-width: 2px; fill: none; stroke-dasharray: 6px 3px\\" /></svg>');
}

div {
	a1: url();
	a114: url(ebb93b9cb62e55bcbc35.png);
}

div {
	a143: url(data:image/svg+xml;charset=UTF-8,%3C%3Fxml%20version%3D%221.0%22%20encoding%3D%22utf-8%22%3F%3E%0A%3C!DOCTYPE%20svg%20PUBLIC%20%22-%2F%2FW3C%2F%2FDTD%20SVG%201.1%2F%2FEN%22%20%22http%3A%2F%2Fwww.w3.org%2FGraphics%2FSVG%2F1.1%2FDTD%2Fsvg11.dtd%22%3E%0A%3Csvg%20version%3D%221.1%22%20id%3D%22Layer_1%22%20xmlns%3D%22http%3A%2F%2Fwww.w3.org%2F2000%2Fsvg%22%20xmlns%3Axlink%3D%22http%3A%2F%2Fwww.w3.org%2F1999%2Fxlink%22%20x%3D%220px%22%20y%3D%220px%22%0A%09%20width%3D%22191px%22%20height%3D%22191px%22%20viewBox%3D%220%200%20191%20191%22%20enable-background%3D%22new%200%200%20191%20191%22%20xml%3Aspace%3D%22preserve%22%3E%0A%3Cpath%20fill%3D%22%23636363%22%20d%3D%22M95.5%2C0C42.8%2C0%2C0%2C42.8%2C0%2C95.5S42.8%2C191%2C95.5%2C191S191%2C148.2%2C191%2C95.5S148.2%2C0%2C95.5%2C0z%20M95.5%2C187.6%0A%09c-50.848%2C0-92.1-41.25-92.1-92.1c0-50.848%2C41.252-92.1%2C92.1-92.1c50.85%2C0%2C92.1%2C41.252%2C92.1%2C92.1%0A%09C187.6%2C146.35%2C146.35%2C187.6%2C95.5%2C187.6z%22%2F%3E%0A%3Cg%3E%0A%09%3Cpath%20fill%3D%22%23636363%22%20d%3D%22M92.9%2C10v8.6H91v-6.5c-0.1%2C0.1-0.2%2C0.2-0.4%2C0.3c-0.2%2C0.1-0.3%2C0.2-0.4%2C0.2c-0.1%2C0-0.3%2C0.1-0.5%2C0.2%0A%09%09c-0.2%2C0.1-0.3%2C0.1-0.5%2C0.1v-1.6c0.5-0.1%2C0.9-0.3%2C1.4-0.5c0.5-0.2%2C0.8-0.5%2C1.2-0.7h1.1V10z%22%2F%3E%0A%09%3Cpath%20fill%3D%22%23636363%22%20d%3D%22M97.1%2C17.1h3.602v1.5h-5.6V18c0-0.4%2C0.1-0.8%2C0.2-1.2c0.1-0.4%2C0.3-0.6%2C0.5-0.9c0.2-0.3%2C0.5-0.5%2C0.7-0.7%0A%09%09c0.2-0.2%2C0.5-0.4%2C0.7-0.6c0.199-0.2%2C0.5-0.3%2C0.6-0.5c0.102-0.2%2C0.301-0.3%2C0.5-0.5c0.2-0.2%2C0.2-0.3%2C0.301-0.5%0A%09%09c0.101-0.2%2C0.101-0.3%2C0.101-0.5c0-0.4-0.101-0.6-0.3-0.8c-0.2-0.2-0.4-0.3-0.801-0.3c-0.699%2C0-1.399%2C0.3-2.101%2C0.9v-1.6%0A%09%09c0.7-0.5%2C1.5-0.7%2C2.5-0.7c0.399%2C0%2C0.8%2C0.1%2C1.101%2C0.2c0.301%2C0.1%2C0.601%2C0.3%2C0.899%2C0.5c0.3%2C0.2%2C0.399%2C0.5%2C0.5%2C0.8%0A%09%09c0.101%2C0.3%2C0.2%2C0.6%2C0.2%2C1s-0.102%2C0.7-0.2%2C1c-0.099%2C0.3-0.3%2C0.6-0.5%2C0.8c-0.2%2C0.2-0.399%2C0.5-0.7%2C0.7c-0.3%2C0.2-0.5%2C0.4-0.8%2C0.6%0A%09%09c-0.2%2C0.1-0.399%2C0.3-0.5%2C0.4s-0.3%2C0.3-0.5%2C0.4s-0.2%2C0.3-0.3%2C0.4C97.1%2C17%2C97.1%2C17%2C97.1%2C17.1z%22%2F%3E%0A%3C%2Fg%3E%0A%3Cg%3E%0A%09%3Cpath%20fill%3D%22%23636363%22%20d%3D%22M15%2C95.4c0%2C0.7-0.1%2C1.4-0.2%2C2c-0.1%2C0.6-0.4%2C1.1-0.7%2C1.5C13.8%2C99.3%2C13.4%2C99.6%2C12.9%2C99.8s-1%2C0.3-1.5%2C0.3%0A%09%09c-0.7%2C0-1.3-0.1-1.8-0.3v-1.5c0.4%2C0.3%2C1%2C0.4%2C1.6%2C0.4c0.6%2C0%2C1.1-0.2%2C1.5-0.7c0.4-0.5%2C0.5-1.1%2C0.5-1.9l0%2C0%0A%09%09C12.8%2C96.7%2C12.3%2C96.9%2C11.5%2C96.9c-0.3%2C0-0.7-0.102-1-0.2c-0.3-0.101-0.5-0.3-0.8-0.5c-0.3-0.2-0.4-0.5-0.5-0.8%0A%09%09c-0.1-0.3-0.2-0.7-0.2-1c0-0.4%2C0.1-0.8%2C0.2-1.2c0.1-0.4%2C0.3-0.7%2C0.6-0.9c0.3-0.2%2C0.6-0.5%2C0.9-0.6c0.3-0.1%2C0.8-0.2%2C1.2-0.2%0A%09%09c0.5%2C0%2C0.9%2C0.1%2C1.2%2C0.3c0.3%2C0.2%2C0.7%2C0.4%2C0.9%2C0.8s0.5%2C0.7%2C0.6%2C1.2S15%2C94.8%2C15%2C95.4z%20M13.1%2C94.4c0-0.2%2C0-0.4-0.1-0.6%0A%09%09c-0.1-0.2-0.1-0.4-0.2-0.5c-0.1-0.1-0.2-0.2-0.4-0.3c-0.2-0.1-0.3-0.1-0.5-0.1c-0.2%2C0-0.3%2C0-0.4%2C0.1s-0.3%2C0.2-0.3%2C0.3%0A%09%09c0%2C0.1-0.2%2C0.3-0.2%2C0.4c0%2C0.1-0.1%2C0.4-0.1%2C0.6c0%2C0.2%2C0%2C0.4%2C0.1%2C0.6c0.1%2C0.2%2C0.1%2C0.3%2C0.2%2C0.4c0.1%2C0.1%2C0.2%2C0.2%2C0.4%2C0.3%0A%09%09c0.2%2C0.1%2C0.3%2C0.1%2C0.5%2C0.1c0.2%2C0%2C0.3%2C0%2C0.4-0.1s0.2-0.2%2C0.3-0.3c0.1-0.1%2C0.2-0.2%2C0.2-0.4C13%2C94.7%2C13.1%2C94.6%2C13.1%2C94.4z%22%2F%3E%0A%3C%2Fg%3E%0A%3Cg%3E%0A%09%3Cpath%20fill%3D%22%23636363%22%20d%3D%22M176%2C99.7V98.1c0.6%2C0.4%2C1.2%2C0.602%2C2%2C0.602c0.5%2C0%2C0.8-0.102%2C1.1-0.301c0.301-0.199%2C0.4-0.5%2C0.4-0.801%0A%09%09c0-0.398-0.2-0.699-0.5-0.898c-0.3-0.2-0.8-0.301-1.3-0.301h-0.802V95h0.701c1.101%2C0%2C1.601-0.4%2C1.601-1.1c0-0.7-0.4-1-1.302-1%0A%09%09c-0.6%2C0-1.1%2C0.2-1.6%2C0.5v-1.5c0.6-0.3%2C1.301-0.4%2C2.1-0.4c0.9%2C0%2C1.5%2C0.2%2C2%2C0.6s0.701%2C0.9%2C0.701%2C1.5c0%2C1.1-0.601%2C1.8-1.701%2C2.1l0%2C0%0A%09%09c0.602%2C0.1%2C1.102%2C0.3%2C1.4%2C0.6s0.5%2C0.8%2C0.5%2C1.3c0%2C0.801-0.3%2C1.4-0.9%2C1.9c-0.6%2C0.5-1.398%2C0.7-2.398%2C0.7%0A%09%09C177.2%2C100.1%2C176.5%2C100%2C176%2C99.7z%22%2F%3E%0A%3C%2Fg%3E%0A%3Cg%3E%0A%09%3Cpath%20fill%3D%22%23636363%22%20d%3D%22M98.5%2C179.102c0%2C0.398-0.1%2C0.799-0.2%2C1.199C98.2%2C180.7%2C98%2C181%2C97.7%2C181.2s-0.601%2C0.5-0.9%2C0.601%0A%09%09c-0.3%2C0.1-0.7%2C0.199-1.2%2C0.199c-0.5%2C0-0.9-0.1-1.3-0.3c-0.4-0.2-0.7-0.399-0.9-0.8c-0.2-0.4-0.5-0.7-0.6-1.2%0A%09%09c-0.1-0.5-0.2-1-0.2-1.601c0-0.699%2C0.1-1.399%2C0.3-2c0.2-0.601%2C0.4-1.101%2C0.8-1.5c0.4-0.399%2C0.7-0.699%2C1.2-1c0.5-0.3%2C1-0.3%2C1.6-0.3%0A%09%09c0.6%2C0%2C1.2%2C0.101%2C1.5%2C0.199v1.5c-0.4-0.199-0.9-0.399-1.4-0.399c-0.3%2C0-0.6%2C0.101-0.8%2C0.2c-0.2%2C0.101-0.5%2C0.3-0.7%2C0.5%0A%09%09c-0.2%2C0.199-0.3%2C0.5-0.4%2C0.8c-0.1%2C0.301-0.2%2C0.7-0.2%2C1.101l0%2C0c0.4-0.601%2C1-0.8%2C1.8-0.8c0.3%2C0%2C0.7%2C0.1%2C0.9%2C0.199%0A%09%09c0.2%2C0.101%2C0.5%2C0.301%2C0.7%2C0.5c0.199%2C0.2%2C0.398%2C0.5%2C0.5%2C0.801C98.5%2C178.2%2C98.5%2C178.7%2C98.5%2C179.102z%20M96.7%2C179.2%0A%09%09c0-0.899-0.4-1.399-1.1-1.399c-0.2%2C0-0.3%2C0-0.5%2C0.1c-0.2%2C0.101-0.3%2C0.201-0.4%2C0.301c-0.1%2C0.101-0.2%2C0.199-0.2%2C0.4%0A%09%09c0%2C0.199-0.1%2C0.299-0.1%2C0.5c0%2C0.199%2C0%2C0.398%2C0.1%2C0.6s0.1%2C0.3%2C0.2%2C0.5c0.1%2C0.199%2C0.2%2C0.199%2C0.4%2C0.3c0.2%2C0.101%2C0.3%2C0.101%2C0.5%2C0.101%0A%09%09c0.2%2C0%2C0.3%2C0%2C0.5-0.101c0.2-0.101%2C0.301-0.199%2C0.301-0.3c0-0.1%2C0.199-0.301%2C0.199-0.399C96.6%2C179.7%2C96.7%2C179.4%2C96.7%2C179.2z%22%2F%3E%0A%3C%2Fg%3E%0A%3Ccircle%20fill%3D%22%23636363%22%20cx%3D%2295%22%20cy%3D%2295%22%20r%3D%227%22%2F%3E%0A%3C%2Fsvg%3E%0A)
		50% 50%/191px no-repeat;
}

"
`;

exports[`ConfigTestCases plugins chunk-modules exported tests chunk-modules 1`] = `
Object {
  "515": Object {
    "entryModules": Array [],
    "modules": Array [
      Object {
        "context": "<COMPILER_CONTEXT>",
        "identifier": "<COMPILER_CONTEXT>/async.js",
        "resource": "<COMPILER_CONTEXT>/async.js",
      },
    ],
  },
  "909": Object {
    "entryModules": Array [
      Object {
        "context": "<COMPILER_CONTEXT>",
        "identifier": "<COMPILER_CONTEXT>/index.js",
        "resource": "<COMPILER_CONTEXT>/index.js",
      },
    ],
    "modules": Array [
      Object {
        "context": "<COMPILER_CONTEXT>",
        "identifier": "<COMPILER_CONTEXT>/index.js",
        "resource": "<COMPILER_CONTEXT>/index.js",
      },
      Object {
        "identifier": "external node-commonjs Single(ExternalRequestValue { primary: \\"fs\\", rest: None })",
      },
      Object {
        "identifier": "external node-commonjs Single(ExternalRequestValue { primary: \\"path\\", rest: None })",
      },
    ],
  },
}
`;

exports[`ConfigTestCases schemes data-imports exported tests data imports 1`] = `
".red{color: red;}
.b{color: green}
.a { color: palegreen; };;;

.bad {
  a: url(data:text/bad-base64;base64,abcd?#iefix);
  b: url(\\"data:text/bad-base64;base64,    abcd?#iefix\\");
}

 /* .b{color: green} */



.class {
  a: url(bd595024fc7e226eea64.svg);
  b: url(bd595024fc7e226eea64.svg);
  c: url(bd595024fc7e226eea64);
  d: url(bd595024fc7e226eea64);
}

"
`;
